// Jest Snapshot v1, https://goo.gl/fbAQLP

exports[`SQS Queue and SNS Topic Created 1`] = `
{
  "Parameters": {
    "BootstrapVersion": {
      "Default": "/cdk-bootstrap/hnb659fds/version",
      "Description": "Version of the CDK Bootstrap resources in this environment, automatically retrieved from SSM Parameter Store. [cdk:skip]",
      "Type": "AWS::SSM::Parameter::Value<String>",
    },
  },
  "Resources": {
    "AwsCdkProjectTemplateQueue96EC2A4C": {
      "DeletionPolicy": "Delete",
      "Properties": {
        "VisibilityTimeout": 300,
      },
      "Type": "AWS::SQS::Queue",
      "UpdateReplacePolicy": "Delete",
    },
    "AwsCdkProjectTemplateQueueMyTestStackAwsCdkProjectTemplateTopicFED9FDCC8B1D3C9F": {
      "DependsOn": [
        "AwsCdkProjectTemplateQueuePolicyB1E310F7",
      ],
      "Properties": {
        "Endpoint": {
          "Fn::GetAtt": [
            "AwsCdkProjectTemplateQueue96EC2A4C",
            "Arn",
          ],
        },
        "Protocol": "sqs",
        "TopicArn": {
          "Ref": "AwsCdkProjectTemplateTopic340E5805",
        },
      },
      "Type": "AWS::SNS::Subscription",
    },
    "AwsCdkProjectTemplateQueuePolicyB1E310F7": {
      "Properties": {
        "PolicyDocument": {
          "Statement": [
            {
              "Action": "sqs:SendMessage",
              "Condition": {
                "ArnEquals": {
                  "aws:SourceArn": {
                    "Ref": "AwsCdkProjectTemplateTopic340E5805",
                  },
                },
              },
              "Effect": "Allow",
              "Principal": {
                "Service": "sns.amazonaws.com",
              },
              "Resource": {
                "Fn::GetAtt": [
                  "AwsCdkProjectTemplateQueue96EC2A4C",
                  "Arn",
                ],
              },
            },
          ],
          "Version": "2012-10-17",
        },
        "Queues": [
          {
            "Ref": "AwsCdkProjectTemplateQueue96EC2A4C",
          },
        ],
      },
      "Type": "AWS::SQS::QueuePolicy",
    },
    "AwsCdkProjectTemplateTopic340E5805": {
      "Type": "AWS::SNS::Topic",
    },
  },
  "Rules": {
    "CheckBootstrapVersion": {
      "Assertions": [
        {
          "Assert": {
            "Fn::Not": [
              {
                "Fn::Contains": [
                  [
                    "1",
                    "2",
                    "3",
                    "4",
                    "5",
                  ],
                  {
                    "Ref": "BootstrapVersion",
                  },
                ],
              },
            ],
          },
          "AssertDescription": "CDK bootstrap stack version 6 required. Please run 'cdk bootstrap' with a recent version of the CDK CLI.",
        },
      ],
    },
  },
}
`;
